  Primeiro passo criar um novo repositorio no github
  
Jhenyfer@DESKTOP-RKBLENE MINGW32 ~/Desktop/desafio criando seu proprio projeto dio.me/criando-proprio-repositorio-dio.me (main)
$ git status
On branch main
Your branch is up to date with 'origin/main'.

Untracked files:
  (use "git add <file>..." to include in what will be committed)
        "introdu\303\247ao dio.me.txt"

nothing added to commit but untracked files present (use "git add" to track)

Jhenyfer@DESKTOP-RKBLENE MINGW32 ~/Desktop/desafio criando seu proprio projeto dio.me/criando-proprio-repositorio-dio.me (main)
$

Jhenyfer@DESKTOP-RKBLENE MINGW32 ~/Desktop/desafio criando seu proprio projeto dio.me/criando-proprio-repositorio-dio.me (main)
$ git status
On branch main
Your branch is up to date with 'origin/main'.

Untracked files:
  (use "git add <file>..." to include in what will be committed)
        "introdu\303\247ao dio.me.txt"

nothing added to commit but untracked files present (use "git add" to track)

Jhenyfer@DESKTOP-RKBLENE MINGW32 ~/Desktop/desafio criando seu proprio projeto dio.me/criando-proprio-repositorio-dio.me (main)
$ git add "introduçao dio.me"
fatal: pathspec 'introduçao dio.me' did not match any files

Jhenyfer@DESKTOP-RKBLENE MINGW32 ~/Desktop/desafio criando seu proprio projeto dio.me/criando-proprio-repositorio-dio.me (main)
$ git add "criando-proprio-repositorio-dio.me"
fatal: pathspec 'criando-proprio-repositorio-dio.me' did not match any files

Jhenyfer@DESKTOP-RKBLENE MINGW32 ~/Desktop/desafio criando seu proprio projeto dio.me/criando-proprio-repositorio-dio.me (main)
$

Jhenyfer@DESKTOP-RKBLENE MINGW32 ~/Desktop/desafio criando seu proprio projeto dio.me/criando-proprio-repositorio-dio.me (main)
$ git status
On branch main
Your branch is up to date with 'origin/main'.

Untracked files:
  (use "git add <file>..." to include in what will be committed)
        "introdu\303\247ao dio.me.txt"

nothing added to commit but untracked files present (use "git add" to track)

Jhenyfer@DESKTOP-RKBLENE MINGW32 ~/Desktop/desafio criando seu proprio projeto dio.me/criando-proprio-repositorio-dio.me (main)
$ git add -A

Jhenyfer@DESKTOP-RKBLENE MINGW32 ~/Desktop/desafio criando seu proprio projeto dio.me/criando-proprio-repositorio-dio.me (main)
$ git status
On branch main
Your branch is up to date with 'origin/main'.

Changes to be committed:
  (use "git restore --staged <file>..." to unstage)
        new file:   "introdu\303\247ao dio.me.txt"

Jhenyfer@DESKTOP-RKBLENE MINGW32 ~/Desktop/desafio criando seu proprio projeto dio.me/criando-proprio-repositorio-dio.me (main)
$ git status
On branch main
Your branch is up to date with 'origin/main'.

Untracked files:
  (use "git add <file>..." to include in what will be committed)
        "introdu\303\247ao dio.me.txt"

nothing added to commit but untracked files present (use "git add" to track)

Jhenyfer@DESKTOP-RKBLENE MINGW32 ~/Desktop/desafio criando seu proprio projeto dio.me/criando-proprio-repositorio-dio.me (main)
$

Jhenyfer@DESKTOP-RKBLENE MINGW32 ~/Desktop/desafio criando seu proprio projeto dio.me/criando-proprio-repositorio-dio.me (main)
$ git status
On branch main
Your branch is up to date with 'origin/main'.

Untracked files:
  (use "git add <file>..." to include in what will be committed)
        "introdu\303\247ao dio.me.txt"

nothing added to commit but untracked files present (use "git add" to track)

Jhenyfer@DESKTOP-RKBLENE MINGW32 ~/Desktop/desafio criando seu proprio projeto dio.me/criando-proprio-repositorio-dio.me (main)
$ git add "introduçao dio.me"
fatal: pathspec 'introduçao dio.me' did not match any files

Jhenyfer@DESKTOP-RKBLENE MINGW32 ~/Desktop/desafio criando seu proprio projeto dio.me/criando-proprio-repositorio-dio.me (main)
$ git add "criando-proprio-repositorio-dio.me"
fatal: pathspec 'criando-proprio-repositorio-dio.me' did not match any files

Jhenyfer@DESKTOP-RKBLENE MINGW32 ~/Desktop/desafio criando seu proprio projeto dio.me/criando-proprio-repositorio-dio.me (main)
$

Jhenyfer@DESKTOP-RKBLENE MINGW32 ~/Desktop/desafio criando seu proprio projeto dio.me/criando-proprio-repositorio-dio.me (main)
$ git status
On branch main
Your branch is up to date with 'origin/main'.

Untracked files:
  (use "git add <file>..." to include in what will be committed)
        "introdu\303\247ao dio.me.txt"

nothing added to commit but untracked files present (use "git add" to track)

Jhenyfer@DESKTOP-RKBLENE MINGW32 ~/Desktop/desafio criando seu proprio projeto dio.me/criando-proprio-repositorio-dio.me (main)
$ git add -A

Jhenyfer@DESKTOP-RKBLENE MINGW32 ~/Desktop/desafio criando seu proprio projeto dio.me/criando-proprio-repositorio-dio.me (main)
$ git status
On branch main
Your branch is up to date with 'origin/main'.

Changes to be committed:
  (use "git restore --staged <file>..." to unstage)
        new file:   "introdu\303\247ao dio.me.txt"


Jhenyfer@DESKTOP-RKBLENE MINGW32 ~/Desktop/desafio criando seu proprio projeto dio.me/criando-proprio-repositorio-dio.me (main)
$ ^C

Jhenyfer@DESKTOP-RKBLENE MINGW32 ~/Desktop/desafio criando seu proprio projeto dio.me/criando-proprio-repositorio-dio.me (main)
$

Jhenyfer@DESKTOP-RKBLENE MINGW32 ~/Desktop/desafio criando seu proprio projeto dio.me/criando-proprio-repositorio-dio.me (main)
$ git commit -m "incluçao do passo a passo do git"
[main e293f03] incluçao do passo a passo do git
 1 file changed, 0 insertions(+), 0 deletions(-)
 create mode 100644 "introdu\303\247ao dio.me.txt"

Jhenyfer@DESKTOP-RKBLENE MINGW32 ~/Desktop/desafio criando seu proprio projeto dio.me/criando-proprio-repositorio-dio.me (main)
$ git status
On branch main
Your branch is ahead of 'origin/main' by 1 commit.
  (use "git push" to publish your local commits)

nothing to commit, working tree clean

Jhenyfer@DESKTOP-RKBLENE MINGW32 ~/Desktop/desafio criando seu proprio projeto dio.me/criando-proprio-repositorio-dio.me (main)
$ git push origin main
Enumerating objects: 4, done.
Counting objects: 100% (4/4), done.
Delta compression using up to 4 threads
Compressing objects: 100% (2/2), done.
Writing objects: 100% (3/3), 305 bytes | 305.00 KiB/s, done.
Total 3 (delta 0), reused 0 (delta 0), pack-reused 0
To https://github.com/Rafaelleitetorquez/criando-proprio-repositorio-dio.me.git
   d075c73..e293f03  main -> main

Jhenyfer@DESKTOP-RKBLENE MINGW32 ~/Desktop/desafio criando seu proprio projeto dio.me/criando-proprio-repositorio-dio.me (main)

